../Core/Src/led_effect.c:18:6:led_effect_stop	24	static
../Core/Src/led_effect.c:27:6:led_effect	32	static
../Core/Src/led_effect.c:36:6:LED_effect1	8	static
../Core/Src/led_effect.c:47:6:LED_effect2	8	static
../Core/Src/led_effect.c:58:6:LED_effect3	8	static
../Core/Src/led_effect.c:69:6:LED_effect4	8	static
../Core/Src/led_effect.c:80:6:turn_off_all_leds	8	static
../Core/Src/led_effect.c:91:6:turn_on_all_leds	8	static
../Core/Src/led_effect.c:102:6:turn_on_even_leds	8	static
../Core/Src/led_effect.c:113:6:turn_on_odd_leds	8	static
../Core/Src/led_effect.c:124:6:LED_control	16	static
