19:10:00 **** Incremental Build of configuration Debug for project 007Queues_n_timers ****
make -j12 all 
arm-none-eabi-gcc "../Core/Src/rtc.c" -mcpu=cortex-m4 -std=gnu11 -g3 -DDEBUG -DUSE_HAL_DRIVER -DSTM32F411xE -c -I../Core/Inc -I../Drivers/STM32F4xx_HAL_Driver/Inc -I../Drivers/STM32F4xx_HAL_Driver/Inc/Legacy -I../Drivers/CMSIS/Device/ST/STM32F4xx/Include -I../Drivers/CMSIS/Include -I"D:/Andrea/Embedded/repositories/freeRTOS course/RTOS_workspace/common/ThirdParty/FreeRTOS/include" -I"D:/Andrea/Embedded/repositories/freeRTOS course/RTOS_workspace/common/ThirdParty/FreeRTOS/portable/GCC/ARM_CM4F" -I"D:/Andrea/Embedded/repositories/freeRTOS course/RTOS_workspace/common/ThirdParty/SEGGER/Config" -I"D:/Andrea/Embedded/repositories/freeRTOS course/RTOS_workspace/common/ThirdParty/SEGGER/OS" -I"D:/Andrea/Embedded/repositories/freeRTOS course/RTOS_workspace/common/ThirdParty/SEGGER/SEGGER" -I"D:/Andrea/Embedded/repositories/freeRTOS course/RTOS_workspace/common/ThirdParty/FreeRTOS" -O0 -ffunction-sections -fdata-sections -Wall -fstack-usage -fcyclomatic-complexity -MMD -MP -MF"Core/Src/rtc.d" -MT"Core/Src/rtc.o" --specs=nano.specs -mfpu=fpv4-sp-d16 -mfloat-abi=hard -mthumb -o "Core/Src/rtc.o"
arm-none-eabi-gcc -o "007Queues_n_timers.elf" @"objects.list"   -mcpu=cortex-m4 -T"D:\Andrea\Embedded\repositories\freeRTOS course\RTOS_workspace\007Queues_n_timers\STM32F411VETX_FLASH.ld" --specs=nosys.specs -Wl,-Map="007Queues_n_timers.map" -Wl,--gc-sections -static --specs=nano.specs -mfpu=fpv4-sp-d16 -mfloat-abi=hard -mthumb -Wl,--start-group -lc -lm -Wl,--end-group
Finished building target: 007Queues_n_timers.elf
 
arm-none-eabi-size  007Queues_n_timers.elf 
arm-none-eabi-objdump -h -S 007Queues_n_timers.elf  > "007Queues_n_timers.list"
   text	   data	    bss	    dec	    hex	filename
  48644	    132	 119900	 168676	  292e4	007Queues_n_timers.elf
Finished building: default.size.stdout
 
Finished building: 007Queues_n_timers.list
 

19:10:01 Build Finished. 0 errors, 0 warnings. (took 1s.232ms)

