16:17:40 **** Incremental Build of configuration Debug for project 006Task_Priority ****
make -j12 all 
arm-none-eabi-gcc "../Core/Src/main.c" -mcpu=cortex-m4 -std=gnu11 -g3 -DDEBUG -DUSE_HAL_DRIVER -DSTM32F411xE -c -I../Core/Inc -I../Drivers/STM32F4xx_HAL_Driver/Inc -I../Drivers/STM32F4xx_HAL_Driver/Inc/Legacy -I../Drivers/CMSIS/Device/ST/STM32F4xx/Include -I../Drivers/CMSIS/Include -I"D:/Andrea/Embedded/repositories/freeRTOS course/RTOS_workspace/common/ThirdParty/FreeRTOS/include" -I"D:/Andrea/Embedded/repositories/freeRTOS course/RTOS_workspace/common/ThirdParty/FreeRTOS/portable/GCC/ARM_CM4F" -I"D:/Andrea/Embedded/repositories/freeRTOS course/RTOS_workspace/common/ThirdParty/SEGGER/Config" -I"D:/Andrea/Embedded/repositories/freeRTOS course/RTOS_workspace/common/ThirdParty/SEGGER/OS" -I"D:/Andrea/Embedded/repositories/freeRTOS course/RTOS_workspace/common/ThirdParty/SEGGER/SEGGER" -I"D:/Andrea/Embedded/repositories/freeRTOS course/RTOS_workspace/common/ThirdParty/FreeRTOS" -O0 -ffunction-sections -fdata-sections -Wall -fstack-usage -fcyclomatic-complexity -MMD -MP -MF"Core/Src/main.d" -MT"Core/Src/main.o" --specs=nano.specs -mfpu=fpv4-sp-d16 -mfloat-abi=hard -mthumb -o "Core/Src/main.o"
arm-none-eabi-gcc -o "006Task_Priority.elf" @"objects.list"   -mcpu=cortex-m4 -T"D:\Andrea\Embedded\repositories\freeRTOS course\RTOS_workspace\006Task_Priority\STM32F411VETX_FLASH.ld" --specs=nosys.specs -Wl,-Map="006Task_Priority.map" -Wl,--gc-sections -static --specs=nano.specs -mfpu=fpv4-sp-d16 -mfloat-abi=hard -mthumb -Wl,--start-group -lc -lm -Wl,--end-group
Finished building target: 006Task_Priority.elf
 
arm-none-eabi-size  006Task_Priority.elf 
arm-none-eabi-objdump -h -S 006Task_Priority.elf  > "006Task_Priority.list"
   text	   data	    bss	    dec	    hex	filename
  24880	     20	 117884	 142784	  22dc0	006Task_Priority.elf
Finished building: default.size.stdout
 
Finished building: 006Task_Priority.list
 
16:17:54 **** Incremental Build of configuration Debug for project 006Task_Priority ****
make -j12 all 
arm-none-eabi-size  006Task_Priority.elf 
   text	   data	    bss	    dec	    hex	filename
  24880	     20	 117884	 142784	  22dc0	006Task_Priority.elf
Finished building: default.size.stdout
 
