../Core/Src/main.c:74:5:main	32	static,ignoring_inline_asm
../Core/Src/main.c:131:6:SystemClock_Config	88	static
../Core/Src/main.c:178:13:MX_GPIO_Init	56	static
../Core/Src/main.c:320:13:led_green_handler	16	static
../Core/Src/main.c:335:13:led_orange_handler	16	static
../Core/Src/main.c:351:6:button_interrupt_handler	8	static
../Core/Src/main.c:361:6:switch_priority	32	static
../Core/Src/main.c:421:6:HAL_TIM_PeriodElapsedCallback	16	static
../Core/Src/main.c:438:6:Error_Handler	4	static,ignoring_inline_asm
